Removed Member From Class: ClassName=ECU_Sheet Member=C?
Change Footprint: Footprint Not Found XTAL_ABS06-32.768KHZ-9-1-T
Change Component Designator: OldDesignator=C? NewDesignator=C18
Change Component Designator: OldDesignator=C? NewDesignator=C19
Change Component Designator: OldDesignator=C? NewDesignator=C20
Change Component Designator: OldDesignator=C? NewDesignator=C32
Change Component Designator: OldDesignator=C? NewDesignator=C36
Change Component Designator: OldDesignator=C? NewDesignator=C37
Change Component Designator: OldDesignator=D? NewDesignator=D7
Change Component Designator: OldDesignator=Q? NewDesignator=Q9
Change Component Designator: OldDesignator=R? NewDesignator=R60
Change Component Designator: OldDesignator=R? NewDesignator=R61
Change Component Designator: OldDesignator=U? NewDesignator=U21
Change Component Designator: OldDesignator=X? NewDesignator=X2
Add Component: Footprint Not Found SOIC8-N_MC
Add Component: Footprint Not Found RESC3116X65N
Add Component: Footprint Not Found RESC3116X65N
Add Component: Footprint Not Found RESC3116X65N
Add Component: Footprint Not Found RESC3116X65N
Add Component: Footprint Not Found RESC3116X65N
Add Component: Footprint Not Found RESC3116X65N
Add Component: Footprint Not Found XTAL_7M25090002
Add Pin To Net: Unknown Pin: Pin J1-1
Add Pin To Net: Unknown Pin: Pin J1-2
Add Pin To Net: Unknown Pin: Pin J1-3
Add Pin To Net: Unknown Pin: Pin J1-4
Add Pin To Net: Unknown Pin: Pin J1-5
Add Pin To Net: Unknown Pin: Pin J1-6
Add Pin To Net: Unknown Pin: Pin J1-7
Add Pin To Net: Unknown Pin: Pin J1-8
Add Pin To Net: Unknown Pin: Pin R8-1
Add Pin To Net: Unknown Pin: Pin R8-2
Add Pin To Net: Unknown Pin: Pin R62-1
Add Pin To Net: Unknown Pin: Pin R62-2
Add Pin To Net: Unknown Pin: Pin R67-1
Add Pin To Net: Unknown Pin: Pin R67-2
Add Pin To Net: Unknown Pin: Pin R87-1
Add Pin To Net: Unknown Pin: Pin R87-2
Add Pin To Net: Unknown Pin: Pin R88-1
Add Pin To Net: Unknown Pin: Pin R88-2
Add Pin To Net: Unknown Pin: Pin RCAN1-1
Add Pin To Net: Unknown Pin: Pin RCAN1-2
Add Pin To Net: Unknown Pin: Pin Y3-1
Add Pin To Net: Unknown Pin: Pin Y3-2
Add Pin To Net: Unknown Pin: Pin Y3-3
Add Pin To Net: Unknown Pin: Pin Y3-4
Added Member To Class: ClassName=ECU_Sheet Member=Component C18 20pF
Added Member To Class: ClassName=ECU_Sheet Member=Component C19 20pF
Added Member To Class: ClassName=ECU_Sheet Member=Component C20 22pF
Added Member To Class: ClassName=ECU_Sheet Member=Component C32 22pF
Added Member To Class: ClassName=Communication_Interfaces Member=Component C36 22pF
Add Class Member: Failed to add class member : Component J1 MCP2551T-I/SN
Add Class Member: Failed to add class member : Component R8 61.9R
Added Member To Class: ClassName=Ignition_Injector Member=Component R61 1K
Add Class Member: Failed to add class member : Component R62 47K
Add Class Member: Failed to add class member : Component R67 10K
Add Class Member: Failed to add class member : Component R87 100K
Add Class Member: Failed to add class member : Component R88 10O
Add Class Member: Failed to add class member : Component RCAN1 120
Add Class Member: Failed to add class member : Component Y3 16MHz
