Removed Pin From Net: NetName=OSC_32_OUT Pin=Y2-1
Removed Pin From Net: NetName=OSC_32_IN Pin=Y2-2
Removed Member From Class: ClassName=Communication_Interfaces Member=C19
Removed Member From Class: ClassName=ECU_Sheet Member=Y2
Change Component Comment : Designator=C18 Old Comment=20pF New Comment=16pF
Change Component Comment : Designator=C19 Old Comment=20pF New Comment=16pF
Add Component: Footprint Not Found SOIC8-N_MC
Add Component: Footprint Not Found RESC3116X65N
Add Component: Footprint Not Found RESC3116X65N
Add Component: Footprint Not Found RESC3116X65N
Add Component: Footprint Not Found RESC3116X65N
Add Component: Footprint Not Found RESC3116X65N
Add Component: Footprint Not Found RESC3116X65N
Add Component: Footprint Not Found XTAL_7M25090002
Added Component: Designator=Y?(XTAL_ABS06-32.768KHZ-9-1-T)
Add component (AddParameter): Name = "Availability"; Value = "In Stock"; VariantName = "[No Variations]"
Add component (AddParameter): Name = "Check_prices"; Value = "https://www.snapeda.com/parts/ABS06-32.768KHZ-9-1-T/Abracon+LLC/view-part/?ref=eda"; VariantName = "[No Variations]"
Add component (AddParameter): Name = "MF"; Value = "Abracon"; VariantName = "[No Variations]"
Add component (AddParameter): Name = "MP"; Value = "ABS06-32.768KHZ-9-1-T"; VariantName = "[No Variations]"
Add component (AddParameter): Name = "Package"; Value = "SMD-2 Abracon LLC"; VariantName = "[No Variations]"
Add component (AddParameter): Name = "Price"; Value = "None"; VariantName = "[No Variations]"
Add component (AddParameter): Name = "Purchase-URL"; Value = "https://pricing.snapeda.com/search/part/ABS06-32.768KHZ-9-1-T/?ref=eda"; VariantName = "[No Variations]"
Add component (AddParameter): Name = "SnapEDA_Link"; Value = "https://www.snapeda.com/parts/ABS06-32.768KHZ-9-1-T/Abracon+LLC/view-part/?ref=snap"; VariantName = "[No Variations]"
Add component (AddParameter): Name = "Value"; Value = ""; VariantName = "[No Variations]"
Add Pin To Net: Unknown Pin: Pin J1-1
Add Pin To Net: Unknown Pin: Pin J1-2
Add Pin To Net: Unknown Pin: Pin J1-3
Add Pin To Net: Unknown Pin: Pin J1-4
Add Pin To Net: Unknown Pin: Pin J1-5
Add Pin To Net: Unknown Pin: Pin J1-6
Add Pin To Net: Unknown Pin: Pin J1-7
Add Pin To Net: Unknown Pin: Pin J1-8
Add Pin To Net: Unknown Pin: Pin R8-1
Add Pin To Net: Unknown Pin: Pin R8-2
Add Pin To Net: Unknown Pin: Pin R62-1
Add Pin To Net: Unknown Pin: Pin R62-2
Add Pin To Net: Unknown Pin: Pin R67-1
Add Pin To Net: Unknown Pin: Pin R67-2
Add Pin To Net: Unknown Pin: Pin R87-1
Add Pin To Net: Unknown Pin: Pin R87-2
Add Pin To Net: Unknown Pin: Pin R88-1
Add Pin To Net: Unknown Pin: Pin R88-2
Add Pin To Net: Unknown Pin: Pin RCAN1-1
Add Pin To Net: Unknown Pin: Pin RCAN1-2
Add Pin To Net: Unknown Pin: Pin Y3-1
Add Pin To Net: Unknown Pin: Pin Y3-2
Add Pin To Net: Unknown Pin: Pin Y3-3
Add Pin To Net: Unknown Pin: Pin Y3-4
Added Pin To Net: NetName=OSC_32_OUT Pin=Y?-1
Added Pin To Net: NetName=OSC_32_IN Pin=Y?-2
Added Member To Class: ClassName=Communication_Interfaces Member=Component C37 22pF
Add Class Member: Failed to add class member : Component J1 MCP2551T-I/SN
Added Member To Class: ClassName=Ignition_Injector Member=Component Q9 TIP142
Add Class Member: Failed to add class member : Component R8 61.9R
Added Member To Class: ClassName=Ignition_Injector Member=Component R60 1K
Added Member To Class: ClassName=Ignition_Injector Member=Component R61 1K
Add Class Member: Failed to add class member : Component R62 47K
Add Class Member: Failed to add class member : Component R67 10K
Add Class Member: Failed to add class member : Component R87 100K
Add Class Member: Failed to add class member : Component R88 10O
Add Class Member: Failed to add class member : Component RCAN1 120
Add Class Member: Failed to add class member : Component Y3 16MHz
Added Member To Class: ClassName=ECU_Sheet Member=Component Y? 32.768KHz
Added Room: Name=Communication_Interfaces
Added Room: Name=ECU_Sheet
