Removed Pin From Net: NetName=Bat_Ground Pin=C2-2
Removed Pin From Net: NetName=Bat_Ground Pin=C20-1
Removed Pin From Net: NetName=3.3V Pin=C20-2
Removed Pin From Net: NetName=Bat_Ground Pin=C22-1
Removed Pin From Net: NetName=3.3V Pin=C22-2
Removed Pin From Net: NetName=Bat_Ground Pin=C37-1
Removed Pin From Net: NetName=5V Pin=C37-2
Removed Pin From Net: NetName=Bat_Ground Pin=C38-1
Removed Pin From Net: NetName=5V Pin=C38-2
Removed Pin From Net: NetName=5V_Sensor Pin=C58-2
Removed Pin From Net: NetName=CMP_IN_2 Pin=C59-1
Removed Pin From Net: NetName=CMP_IN_1 Pin=C59-2
Removed Pin From Net: NetName=Bat_Ground Pin=C60-1
Removed Pin From Net: NetName=5V_Sensor Pin=C60-2
Removed Pin From Net: NetName=CKP_IN_2 Pin=C61-1
Removed Pin From Net: NetName=CKP_IN_1 Pin=C61-2
Removed Pin From Net: NetName=Bat_Ground Pin=C62-1
Removed Pin From Net: NetName=CMP_HALL_5V_OUT Pin=C62-2
Removed Pin From Net: NetName=CKP_HALL_5V_OUT Pin=C63-2
Removed Pin From Net: NetName=Bat_Ground Pin=C64-2
Removed Pin From Net: NetName=Bat_Ground Pin=C65-2
Removed Pin From Net: NetName=3.3V Pin=C67-2
Removed Pin From Net: NetName=VIN Pin=D14-C
Removed Pin From Net: NetName=Injector_OUT_1 Pin=J9-A1
Removed Pin From Net: NetName=Injector_OUT_4 Pin=J9-A2
Removed Pin From Net: NetName=Injector_OUT_3 Pin=J9-A3
Removed Pin From Net: NetName=PWM_MCU_OUT_5 Pin=J9-J2
Removed Pin From Net: NetName=PWM_MCU_OUT_6 Pin=J9-K2
Removed Pin From Net: NetName=Injector_1 Pin=LM1-1
Removed Pin From Net: NetName=Injector_4 Pin=LM3-1
Removed Pin From Net: NetName=Injector_2 Pin=LM4-1
Removed Pin From Net: NetName=Ig_1 Pin=Q5-2
Removed Pin From Net: NetName=Bat_Ground Pin=Q5-3
Removed Pin From Net: NetName=Ig_2 Pin=Q6-2
Removed Pin From Net: NetName=Ig_3 Pin=Q7-2
Removed Pin From Net: NetName=Ig_4 Pin=Q8-2
Removed Pin From Net: NetName=3.3V Pin=Q14-1
Removed Pin From Net: NetName=PWM_MCU_OUT_5 Pin=Q14-2
Removed Pin From Net: NetName=3.3V Pin=Q15-1
Removed Pin From Net: NetName=PWM_MCU_OUT_6 Pin=Q15-2
Removed Pin From Net: NetName=5V Pin=R3-1
Removed Pin From Net: NetName=Output_Ig_1 Pin=R5-1
Removed Pin From Net: NetName=Output_Ig_2 Pin=R12-1
Removed Pin From Net: NetName=Output_Ig_3 Pin=R13-1
Removed Pin From Net: NetName=Output_Ig_4 Pin=R20-1
Removed Pin From Net: NetName=CMP_IN_2 Pin=R25-1
Removed Pin From Net: NetName=CKP_OUT_5V Pin=R35-1
Removed Pin From Net: NetName=5V_Sensor Pin=R35-2
Removed Pin From Net: NetName=CKP_IN_1 Pin=R41-1
Removed Pin From Net: NetName=CKP_IN_2 Pin=R42-1
Removed Pin From Net: NetName=Bat_Ground Pin=R43-1
Removed Pin From Net: NetName=Bat_Ground Pin=R44-1
Removed Pin From Net: NetName=Bat_Ground Pin=R45-1
Removed Pin From Net: NetName=Sensor_OUT_1 Pin=R46-1
Removed Pin From Net: NetName=Sensor_1 Pin=R46-2
Removed Pin From Net: NetName=Sensor_OUT_2 Pin=R47-1
Removed Pin From Net: NetName=Sensor_2 Pin=R47-2
Removed Pin From Net: NetName=Sensor_OUT_3 Pin=R48-1
Removed Pin From Net: NetName=Sensor_3 Pin=R48-2
Removed Pin From Net: NetName=Bat_Ground Pin=R49-1
Removed Pin From Net: NetName=Bat_Ground Pin=R50-1
Removed Pin From Net: NetName=Bat_Ground Pin=R51-1
Removed Pin From Net: NetName=3.3V Pin=R52-2
Removed Pin From Net: NetName=3.3V Pin=R54-2
Removed Pin From Net: NetName=3.3V Pin=R56-2
Removed Pin From Net: NetName=3.3V Pin=R58-2
Removed Pin From Net: NetName=Sensor_OUT_4 Pin=R68-1
Removed Pin From Net: NetName=Sensor_4 Pin=R68-2
Removed Pin From Net: NetName=Sensor_OUT_5 Pin=R69-1
Removed Pin From Net: NetName=Sensor_5 Pin=R69-2
Removed Pin From Net: NetName=Sensor_OUT_6 Pin=R70-1
Removed Pin From Net: NetName=Sensor_6 Pin=R70-2
Removed Pin From Net: NetName=Sensor_OUT_7 Pin=R71-1
Removed Pin From Net: NetName=Sensor_7 Pin=R71-2
Removed Pin From Net: NetName=Sensor_OUT_8 Pin=R72-1
Removed Pin From Net: NetName=Sensor_8 Pin=R72-2
Removed Pin From Net: NetName=Sensor_OUT_9 Pin=R73-1
Removed Pin From Net: NetName=Sensor_9 Pin=R73-2
Removed Pin From Net: NetName=Sensor_OUT_10 Pin=R74-1
Removed Pin From Net: NetName=Sensor_10 Pin=R74-2
Removed Pin From Net: NetName=Bat_Ground Pin=R77-1
Removed Pin From Net: NetName=Sensor_OUT_1 Pin=R77-2
Removed Pin From Net: NetName=Bat_Ground Pin=R78-1
Removed Pin From Net: NetName=Sensor_OUT_2 Pin=R78-2
Removed Pin From Net: NetName=Bat_Ground Pin=R79-1
Removed Pin From Net: NetName=Sensor_OUT_3 Pin=R79-2
Removed Pin From Net: NetName=Bat_Ground Pin=R80-1
Removed Pin From Net: NetName=Sensor_OUT_4 Pin=R80-2
Removed Pin From Net: NetName=Bat_Ground Pin=R81-1
Removed Pin From Net: NetName=Sensor_OUT_5 Pin=R81-2
Removed Pin From Net: NetName=Bat_Ground Pin=R82-1
Removed Pin From Net: NetName=Sensor_OUT_6 Pin=R82-2
Removed Pin From Net: NetName=Bat_Ground Pin=R83-1
Removed Pin From Net: NetName=Sensor_OUT_7 Pin=R83-2
Removed Pin From Net: NetName=Bat_Ground Pin=R84-1
Removed Pin From Net: NetName=Sensor_OUT_8 Pin=R84-2
Removed Pin From Net: NetName=Bat_Ground Pin=R85-1
Removed Pin From Net: NetName=Sensor_OUT_9 Pin=R85-2
Removed Pin From Net: NetName=Bat_Ground Pin=R86-1
Removed Pin From Net: NetName=Sensor_OUT_10 Pin=R86-2
Removed Pin From Net: NetName=CMP_HALL_5V_OUT Pin=R90-1
Removed Pin From Net: NetName=CMP_HALL_IN Pin=R90-2
Removed Pin From Net: NetName=5V_Sensor Pin=R91-1
Removed Pin From Net: NetName=CMP_HALL_IN Pin=R91-2
Removed Pin From Net: NetName=5V_Sensor Pin=R92-1
Removed Pin From Net: NetName=Bat_Ground Pin=R93-1
Removed Pin From Net: NetName=Input_Ig_3 Pin=R93-2
Removed Pin From Net: NetName=Bat_Ground Pin=R94-1
Removed Pin From Net: NetName=Input_Ig_4 Pin=R94-2
Removed Pin From Net: NetName=Bat_Ground Pin=R95-1
Removed Pin From Net: NetName=Input_Ig_2 Pin=R95-2
Removed Pin From Net: NetName=Input_Ig_1 Pin=R96-2
Removed Pin From Net: NetName=CKP_HALL_5V_OUT Pin=R98-1
Removed Pin From Net: NetName=3.3V Pin=R99-1
Removed Pin From Net: NetName=Bat_Ground Pin=R100-2
Removed Pin From Net: NetName=Bat_Ground Pin=R101-2
Removed Pin From Net: NetName=3.3V Pin=R102-1
Removed Pin From Net: NetName=5V Pin=R103-1
Removed Pin From Net: NetName=3.3V Pin=R104-1
Removed Pin From Net: NetName=Bat_Ground Pin=R105-2
Removed Pin From Net: NetName=Bat_Ground Pin=R106-2
Removed Pin From Net: NetName=5V Pin=R110-2
Removed Pin From Net: NetName=VIN Pin=R111-2
Removed Pin From Net: NetName=PWM_MCU_OUT_5 Pin=R113-1
Removed Pin From Net: NetName=3.3V Pin=R113-2
Removed Pin From Net: NetName=5V Pin=R114-2
Removed Pin From Net: NetName=VIN Pin=R115-2
Removed Pin From Net: NetName=PWM_MCU_OUT_6 Pin=R117-1
Removed Pin From Net: NetName=3.3V Pin=R117-2
Removed Pin From Net: NetName=CKP_HALL_OUT Pin=U15-1
Removed Pin From Net: NetName=CKP_HALL_5V_OUT Pin=U15-4
Removed Pin From Net: NetName=CKP_VR_OUT Pin=U18-1
Removed Pin From Net: NetName=3.3V Pin=U18-2
Removed Pin From Net: NetName=Bat_Ground Pin=U18-3
Removed Pin From Net: NetName=CKP_OUT_5V Pin=U18-4
Removed Pin From Net: NetName=5V_Sensor Pin=U18-5
Removed Pin From Net: NetName=Bat_Ground Pin=U20-2
Removed Pin From Net: NetName=Bat_Ground Pin=U20-4
Removed Pin From Net: NetName=Bat_Ground Pin=U20-6
Removed Pin From Net: NetName=Bat_Ground Pin=U20-8
Removed Pin From Net: NetName=Bat_Ground Pin=U20-9
Removed Pin From Net: NetName=Bat_Ground Pin=U20-11
Removed Pin From Net: NetName=Bat_Ground Pin=U20-13
Removed Pin From Net: NetName=Bat_Ground Pin=U20-15
Removed Pin From Net: NetName=Bat_Ground Pin=U22-4
Removed Pin From Net: NetName=Bat_Ground Pin=U22-5
Removed Pin From Net: NetName=Bat_Ground Pin=U22-6
Removed Pin From Net: NetName=CKP_OUT_5V Pin=U22-7
Removed Pin From Net: NetName=Bat_Ground Pin=U22-9
Removed Pin From Net: NetName=5V_Sensor Pin=U22-10
Removed Member From Class: ClassName=ECU_Sheet Member=C35
Removed Member From Class: ClassName=CCU_Sheet Member=C50
Removed Member From Class: ClassName=Analog_Sensors_Sheet Member=R46
Removed Member From Class: ClassName=Analog_Sensors_Sheet Member=R68
Removed Member From Class: ClassName=CCU_Sheet Member=U21
Change Footprint: Footprint Not Found SOT65P210X110-5N
Change Footprint: Footprint Not Found SOT93
Change Component Footprint: Designator=D14 Old Footprint=DIO_SS34 New Footprint=TVSP_SM8S36A
Change Footprint: Footprint Not Found RES_ERJP08J221V
Change Footprint: Footprint Not Found RES_ERJP08J221V
Change Footprint: Footprint Not Found RES_ERJ6RSFR10V
Change Footprint: Footprint Not Found RES_ERJ6RSFR10V
Change Footprint: Footprint Not Found RESC3116X65N
Change Footprint: Footprint Not Found RESC3116X65N
Change Footprint: Footprint Not Found RES_ERJ6RSFR10V
Change Footprint: Footprint Not Found RES_ERJ6RSFR10V
Change Footprint: Footprint Not Found RES_ERJP08J221V
Change Footprint: Footprint Not Found RES_ERJP08J221V
Change Component Footprint: Designator=U18 Old Footprint=SOT65P210X110-5N New Footprint=*SOP50P490X110-10N
Change Component Footprint: Designator=Q9 Old Footprint=SOT93 New Footprint=*TO254P470X1016X2019-3P
Change Component Comment : Designator=R100 Old Comment=0.1 New Comment=220
Change Component Comment : Designator=R101 Old Comment=0.1 New Comment=220
Change Component Comment : Designator=C60 Old Comment=0.1µF New Comment=1nF
Change Component Comment : Designator=C62 Old Comment=0.1µF New Comment=1nF
Change Component Comment : Designator=C58 Old Comment=0.1µF New Comment=10nF
Change Component Comment : Designator=C67 Old Comment=0.1µF New Comment=10nF
Change Component Comment : Designator=R90 Old Comment=1K New Comment=10K
Change Component Comment : Designator=R98 Old Comment=1K New Comment=10K
Change Component Comment : Designator=R103 Old Comment=1K New Comment=10K
Change Component Comment : Designator=R3 Old Comment=1K New Comment=47K
Change Component Comment : Designator=C59 Old Comment=1nF New Comment=0.1µF
Change Component Comment : Designator=C61 Old Comment=1nF New Comment=0.1µF
Change Component Comment : Designator=U18 Old Comment=2N7001TDCKR New Comment=MAX9924UAUB+T
Change Component Comment : Designator=R35 Old Comment=4.7K New Comment=10K
Change Component Comment : Designator=R47 Old Comment=5.6K New Comment=10K
Change Component Comment : Designator=R68 Old Comment=5.6K New Comment=10K
Change Component Comment : Designator=R46 Old Comment=5.6K New Comment=220
Change Component Comment : Designator=R48 Old Comment=5.6K New Comment=220
Change Component Comment : Designator=R94 Old Comment=10K New Comment=0.1
Change Component Comment : Designator=R95 Old Comment=10K New Comment=0.1
Change Component Comment : Designator=R25 Old Comment=10K New Comment=1K
Change Component Comment : Designator=R92 Old Comment=10K New Comment=1K
Change Component Comment : Designator=R42 Old Comment=10K New Comment=4.7K
Change Component Comment : Designator=R93 Old Comment=10K New Comment=47K
Change Component Comment : Designator=C24 Old Comment=10pF New Comment=22pF
Change Component Comment : Designator=C26 Old Comment=10pF New Comment=22pF
Change Component Comment : Designator=C53 Old Comment=10pF New Comment=22pF
Change Component Comment : Designator=C54 Old Comment=10pF New Comment=22pF
Change Component Comment : Designator=Y3 Old Comment=16MHz New Comment=12MHz
Change Component Comment : Designator=R104 Old Comment=47K New Comment=10K
Change Component Comment : Designator=R99 Old Comment=47K New Comment=220
Change Component Comment : Designator=R102 Old Comment=47K New Comment=220
Change Component Comment : Designator=R5 Old Comment=220 New Comment=0.1
Change Component Comment : Designator=R12 Old Comment=220 New Comment=0.1
Change Component Comment : Designator=R13 Old Comment=220 New Comment=1K
Change Component Comment : Designator=R20 Old Comment=220 New Comment=1K
Change Component Comment : Designator=D7 Old Comment=INJ 1 New Comment=INJ 2
Change Component Comment : Designator=D9 Old Comment=INJ 2 New Comment=INJ 1
Change Component Comment : Designator=D1 Old Comment=INJ 3 New Comment=INJ 4
Change Component Comment : Designator=D3 Old Comment=INJ 4 New Comment=INJ 3
Change Component Comment : Designator=Q5 Old Comment=ISL9V5036P3-F085 New Comment=TIP142
Change Component Comment : Designator=U22 Old Comment=MAX9924UAUB+T New Comment=2N7001TDCKR
Change Component Comment : Designator=D14 Old Comment=SS34 New Comment=SM8S36A
Change Component Comment : Designator=Q9 Old Comment=TIP142 New Comment=ISL9V5036P3-F085
Change Component Designator: OldDesignator=C1 NewDesignator=C54
Change Component Designator: OldDesignator=C2 NewDesignator=C55
Change Component Designator: OldDesignator=C3 NewDesignator=C56
Change Component Designator: OldDesignator=C4 NewDesignator=C57
Change Component Designator: OldDesignator=C5 NewDesignator=C42
Change Component Designator: OldDesignator=C6 NewDesignator=C43
Change Component Designator: OldDesignator=C7 NewDesignator=C44
Change Component Designator: OldDesignator=C8 NewDesignator=C45
Change Component Designator: OldDesignator=C9 NewDesignator=C15
Change Component Designator: OldDesignator=C10 NewDesignator=C46
Change Component Designator: OldDesignator=C11 NewDesignator=C27
Change Component Designator: OldDesignator=C12 NewDesignator=C28
Change Component Designator: OldDesignator=C13 NewDesignator=C33
Change Component Designator: OldDesignator=C14 NewDesignator=C34
Change Component Designator: OldDesignator=C15 NewDesignator=C35
Change Component Designator: OldDesignator=C16 NewDesignator=C37
Change Component Designator: OldDesignator=C17 NewDesignator=C58
Change Component Designator: OldDesignator=C18 NewDesignator=C59
Change Component Designator: OldDesignator=C19 NewDesignator=C16
Change Component Designator: OldDesignator=C20 NewDesignator=C60
Change Component Designator: OldDesignator=C21 NewDesignator=C38
Change Component Designator: OldDesignator=C22 NewDesignator=C61
Change Component Designator: OldDesignator=C23 NewDesignator=C1
Change Component Designator: OldDesignator=C24 NewDesignator=C39
Change Component Designator: OldDesignator=C25 NewDesignator=C40
Change Component Designator: OldDesignator=C26 NewDesignator=C41
Change Component Designator: OldDesignator=C27 NewDesignator=C3
Change Component Designator: OldDesignator=C28 NewDesignator=C10
Change Component Designator: OldDesignator=C29 NewDesignator=C4
Change Component Designator: OldDesignator=C30 NewDesignator=C14
Change Component Designator: OldDesignator=C31 NewDesignator=C5
Change Component Designator: OldDesignator=C32 NewDesignator=C6
Change Component Designator: OldDesignator=C33 NewDesignator=C7
Change Component Designator: OldDesignator=C34 NewDesignator=C8
Change Component Designator: OldDesignator=C35 NewDesignator=C9
Change Component Designator: OldDesignator=C36 NewDesignator=C22
Change Component Designator: OldDesignator=C37 NewDesignator=C62
Change Component Designator: OldDesignator=C38 NewDesignator=C63
Change Component Designator: OldDesignator=C39 NewDesignator=C23
Change Component Designator: OldDesignator=C40 NewDesignator=C24
Change Component Designator: OldDesignator=C41 NewDesignator=C11
Change Component Designator: OldDesignator=C42 NewDesignator=C25
Change Component Designator: OldDesignator=C43 NewDesignator=C47
Change Component Designator: OldDesignator=C44 NewDesignator=C48
Change Component Designator: OldDesignator=C45 NewDesignator=C49
Change Component Designator: OldDesignator=C46 NewDesignator=C50
Change Component Designator: OldDesignator=C47 NewDesignator=C51
Change Component Designator: OldDesignator=C48 NewDesignator=C52
Change Component Designator: OldDesignator=C49 NewDesignator=C53
Change Component Designator: OldDesignator=C50 NewDesignator=C26
Change Component Designator: OldDesignator=C51 NewDesignator=C29
Change Component Designator: OldDesignator=C52 NewDesignator=C31
Change Component Designator: OldDesignator=C53 NewDesignator=C32
Change Component Designator: OldDesignator=C54 NewDesignator=C36
Change Component Designator: OldDesignator=C55 NewDesignator=C12
Change Component Designator: OldDesignator=C56 NewDesignator=C13
Change Component Designator: OldDesignator=C57 NewDesignator=C17
Change Component Designator: OldDesignator=C58 NewDesignator=C67
Change Component Designator: OldDesignator=C59 NewDesignator=C68
Change Component Designator: OldDesignator=C60 NewDesignator=C69
Change Component Designator: OldDesignator=C61 NewDesignator=C70
Change Component Designator: OldDesignator=C62 NewDesignator=C71
Change Component Designator: OldDesignator=C63 NewDesignator=C72
Change Component Designator: OldDesignator=C67 NewDesignator=C73
Change Component Designator: OldDesignator=C68 NewDesignator=C18
Change Component Designator: OldDesignator=C69 NewDesignator=C19
Change Component Designator: OldDesignator=C70 NewDesignator=C20
Change Component Designator: OldDesignator=C71 NewDesignator=C21
Change Component Designator: OldDesignator=C72 NewDesignator=C2
Change Component Designator: OldDesignator=D1 NewDesignator=D16
Change Component Designator: OldDesignator=D2 NewDesignator=D17
Change Component Designator: OldDesignator=D3 NewDesignator=D18
Change Component Designator: OldDesignator=D4 NewDesignator=D19
Change Component Designator: OldDesignator=D5 NewDesignator=D20
Change Component Designator: OldDesignator=D6 NewDesignator=D21
Change Component Designator: OldDesignator=D7 NewDesignator=D22
Change Component Designator: OldDesignator=D8 NewDesignator=D23
Change Component Designator: OldDesignator=D9 NewDesignator=D24
Change Component Designator: OldDesignator=D10 NewDesignator=D25
Change Component Designator: OldDesignator=D11 NewDesignator=D26
Change Component Designator: OldDesignator=D12 NewDesignator=D27
Change Component Designator: OldDesignator=D13 NewDesignator=D4
Change Component Designator: OldDesignator=D14 NewDesignator=D6
Change Component Designator: OldDesignator=D15 NewDesignator=D5
Change Component Designator: OldDesignator=D16 NewDesignator=D8
Change Component Designator: OldDesignator=D17 NewDesignator=D9
Change Component Designator: OldDesignator=D18 NewDesignator=D10
Change Component Designator: OldDesignator=D19 NewDesignator=D11
Change Component Designator: OldDesignator=D20 NewDesignator=D2
Change Component Designator: OldDesignator=D21 NewDesignator=D3
Change Component Designator: OldDesignator=D22 NewDesignator=D28
Change Component Designator: OldDesignator=D23 NewDesignator=D29
Change Component Designator: OldDesignator=D24 NewDesignator=D1
Change Component Designator: OldDesignator=FL NewDesignator=FL1
Change Component Designator: OldDesignator=J1 NewDesignator=J3
Change Component Designator: OldDesignator=J2 NewDesignator=J5
Change Component Designator: OldDesignator=J3 NewDesignator=J6
Change Component Designator: OldDesignator=J4 NewDesignator=J7
Change Component Designator: OldDesignator=J5 NewDesignator=J9
Change Component Designator: OldDesignator=J6 NewDesignator=J13
Change Component Designator: OldDesignator=J7 NewDesignator=J8
Change Component Designator: OldDesignator=J8 NewDesignator=J2
Change Component Designator: OldDesignator=J9 NewDesignator=J10
Change Component Designator: OldDesignator=J10 NewDesignator=J14
Change Component Designator: OldDesignator=J11 NewDesignator=J1
Change Component Designator: OldDesignator=Q1 NewDesignator=Q6
Change Component Designator: OldDesignator=Q2 NewDesignator=Q7
Change Component Designator: OldDesignator=Q3 NewDesignator=Q2
Change Component Designator: OldDesignator=Q4 NewDesignator=Q8
Change Component Designator: OldDesignator=Q5 NewDesignator=Q9
Change Component Designator: OldDesignator=Q6 NewDesignator=Q10
Change Component Designator: OldDesignator=Q7 NewDesignator=Q11
Change Component Designator: OldDesignator=Q8 NewDesignator=Q12
Change Component Designator: OldDesignator=Q9 NewDesignator=Q13
Change Component Designator: OldDesignator=Q10 NewDesignator=Q3
Change Component Designator: OldDesignator=Q11 NewDesignator=Q4
Change Component Designator: OldDesignator=Q12 NewDesignator=Q5
Change Component Designator: OldDesignator=Q13 NewDesignator=Q1
Change Component Designator: OldDesignator=R1 NewDesignator=R54
Change Component Designator: OldDesignator=R2 NewDesignator=R55
Change Component Designator: OldDesignator=R3 NewDesignator=R56
Change Component Designator: OldDesignator=R4 NewDesignator=R57
Change Component Designator: OldDesignator=R5 NewDesignator=R58
Change Component Designator: OldDesignator=R6 NewDesignator=R1
Change Component Designator: OldDesignator=R7 NewDesignator=R3
Change Component Designator: OldDesignator=R8 NewDesignator=R4
Change Component Designator: OldDesignator=R9 NewDesignator=R40
Change Component Designator: OldDesignator=R10 NewDesignator=R41
Change Component Designator: OldDesignator=R11 NewDesignator=R42
Change Component Designator: OldDesignator=R12 NewDesignator=R59
Change Component Designator: OldDesignator=R13 NewDesignator=R60
Change Component Designator: OldDesignator=R14 NewDesignator=R5
Change Component Designator: OldDesignator=R15 NewDesignator=R74
Change Component Designator: OldDesignator=R16 NewDesignator=R6
Change Component Designator: OldDesignator=R17 NewDesignator=R24
Change Component Designator: OldDesignator=R18 NewDesignator=R43
Change Component Designator: OldDesignator=R19 NewDesignator=R25
Change Component Designator: OldDesignator=R20 NewDesignator=R61
Change Component Designator: OldDesignator=R21 NewDesignator=R16
Change Component Designator: OldDesignator=R22 NewDesignator=R17
Change Component Designator: OldDesignator=R23 NewDesignator=R75
Change Component Designator: OldDesignator=R24 NewDesignator=R18
Change Component Designator: OldDesignator=R25 NewDesignator=R76
Change Component Designator: OldDesignator=R26 NewDesignator=R19
Change Component Designator: OldDesignator=R27 NewDesignator=R7
Change Component Designator: OldDesignator=R28 NewDesignator=R9
Change Component Designator: OldDesignator=R29 NewDesignator=R20
Change Component Designator: OldDesignator=R30 NewDesignator=R21
Change Component Designator: OldDesignator=R31 NewDesignator=R22
Change Component Designator: OldDesignator=R32 NewDesignator=R23
Change Component Designator: OldDesignator=R33 NewDesignator=R12
Change Component Designator: OldDesignator=R34 NewDesignator=R13
Change Component Designator: OldDesignator=R35 NewDesignator=R77
Change Component Designator: OldDesignator=R36 NewDesignator=R2
Change Component Designator: OldDesignator=R37 NewDesignator=R10
Change Component Designator: OldDesignator=R38 NewDesignator=R14
Change Component Designator: OldDesignator=R39 NewDesignator=R15
Change Component Designator: OldDesignator=R40 NewDesignator=R11
Change Component Designator: OldDesignator=R41 NewDesignator=R78
Change Component Designator: OldDesignator=R42 NewDesignator=R79
Change Component Designator: OldDesignator=R43 NewDesignator=R46
Change Component Designator: OldDesignator=R44 NewDesignator=R47
Change Component Designator: OldDesignator=R45 NewDesignator=R48
Change Component Designator: OldDesignator=R46 NewDesignator=R44
Change Component Designator: OldDesignator=R47 NewDesignator=R45
Change Component Designator: OldDesignator=R48 NewDesignator=R49
Change Component Designator: OldDesignator=R49 NewDesignator=R51
Change Component Designator: OldDesignator=R50 NewDesignator=R52
Change Component Designator: OldDesignator=R51 NewDesignator=R53
Change Component Designator: OldDesignator=R60 NewDesignator=R26
Change Component Designator: OldDesignator=R61 NewDesignator=R27
Change Component Designator: OldDesignator=R62 NewDesignator=R30
Change Component Designator: OldDesignator=R63 NewDesignator=R31
Change Component Designator: OldDesignator=R64 NewDesignator=R34
Change Component Designator: OldDesignator=R65 NewDesignator=R35
Change Component Designator: OldDesignator=R66 NewDesignator=R38
Change Component Designator: OldDesignator=R67 NewDesignator=R39
Change Component Designator: OldDesignator=R68 NewDesignator=R50
Change Component Designator: OldDesignator=R75 NewDesignator=R28
Change Component Designator: OldDesignator=R76 NewDesignator=R29
Change Component Designator: OldDesignator=R87 NewDesignator=R32
Change Component Designator: OldDesignator=R88 NewDesignator=R33
Change Component Designator: OldDesignator=R90 NewDesignator=R80
Change Component Designator: OldDesignator=R91 NewDesignator=R81
Change Component Designator: OldDesignator=R92 NewDesignator=R82
Change Component Designator: OldDesignator=R93 NewDesignator=R63
Change Component Designator: OldDesignator=R94 NewDesignator=R64
Change Component Designator: OldDesignator=R95 NewDesignator=R65
Change Component Designator: OldDesignator=R96 NewDesignator=R66
Change Component Designator: OldDesignator=R98 NewDesignator=R83
Change Component Designator: OldDesignator=R99 NewDesignator=R68
Change Component Designator: OldDesignator=R100 NewDesignator=R69
Change Component Designator: OldDesignator=R101 NewDesignator=R70
Change Component Designator: OldDesignator=R102 NewDesignator=R71
Change Component Designator: OldDesignator=R103 NewDesignator=R72
Change Component Designator: OldDesignator=R104 NewDesignator=R73
Change Component Designator: OldDesignator=R107 NewDesignator=R8
Change Component Designator: OldDesignator=R108 NewDesignator=R36
Change Component Designator: OldDesignator=R109 NewDesignator=R37
Change Component Designator: OldDesignator=U1 NewDesignator=U14
Change Component Designator: OldDesignator=U2 NewDesignator=U1
Change Component Designator: OldDesignator=U3 NewDesignator=U10
Change Component Designator: OldDesignator=U4 NewDesignator=U16
Change Component Designator: OldDesignator=U5 NewDesignator=U8
Change Component Designator: OldDesignator=U6 NewDesignator=U17
Change Component Designator: OldDesignator=U7 NewDesignator=U9
Change Component Designator: OldDesignator=U8 NewDesignator=U15
Change Component Designator: OldDesignator=U9 NewDesignator=U3
Change Component Designator: OldDesignator=U10 NewDesignator=U4
Change Component Designator: OldDesignator=U11 NewDesignator=U5
Change Component Designator: OldDesignator=U12 NewDesignator=U2
Change Component Designator: OldDesignator=U13 NewDesignator=U6
Change Component Designator: OldDesignator=U14 NewDesignator=U18
Change Component Designator: OldDesignator=U15 NewDesignator=U19
Change Component Designator: OldDesignator=U16 NewDesignator=U12
Change Component Designator: OldDesignator=U17 NewDesignator=U13
Change Component Designator: OldDesignator=U18 NewDesignator=U20
Change Component Designator: OldDesignator=U19 NewDesignator=U11
Change Component Designator: OldDesignator=U21 NewDesignator=U7
Change Component Designator: OldDesignator=U22 NewDesignator=U21
Change Component Designator: OldDesignator=Y1 NewDesignator=Y2
Change Component Designator: OldDesignator=Y2 NewDesignator=Y3
Change Component Designator: OldDesignator=Y3 NewDesignator=Y1
Added Component: Designator=C30(CAPC1608X90N)
Add component (AddParameter): Name = "Availability"; Value = "Unavailable"; VariantName = "[No Variations]"
Add component (AddParameter): Name = "MF"; Value = ""; VariantName = "[No Variations]"
Add component (AddParameter): Name = "MP"; Value = "06035C104MAZ2A"; VariantName = "[No Variations]"
Add component (AddParameter): Name = "Package"; Value = "None"; VariantName = "[No Variations]"
Add component (AddParameter): Name = "Price"; Value = "None"; VariantName = "[No Variations]"
Add component (AddParameter): Name = "Value"; Value = ""; VariantName = "[No Variations]"
Add Component: Footprint Not Found DIO_SS34
Added Component: Designator=D12(DIOM5025X220N)
Add component (AddParameter): Name = "Check_prices"; Value = "https://www.snapeda.com/parts/SS54-HF/Comchip/view-part/?ref=eda"; VariantName = "[No Variations]"
Add component (AddParameter): Name = "MF"; Value = "Comchip Technology"; VariantName = "[No Variations]"
Add component (AddParameter): Name = "MP"; Value = "SS54-HF"; VariantName = "[No Variations]"
Add component (AddParameter): Name = "Package"; Value = "DO-214AC-214 Comchip Technology"; VariantName = "[No Variations]"
Add component (AddParameter): Name = "SnapEDA_Link"; Value = "https://www.snapeda.com/parts/SS54-HF/Comchip/view-part/?ref=snap"; VariantName = "[No Variations]"
Add component (AddParameter): Name = "Value"; Value = ""; VariantName = "[No Variations]"
Added Component: Designator=D13(DIO_BZT52C3V3_RHG)
Add component (AddParameter): Name = "Availability"; Value = "Unavailable"; VariantName = "[No Variations]"
Add component (AddParameter): Name = "MF"; Value = ""; VariantName = "[No Variations]"
Add component (AddParameter): Name = "MP"; Value = "BZT52C3V3_RHG"; VariantName = "[No Variations]"
Add component (AddParameter): Name = "Package"; Value = "None"; VariantName = "[No Variations]"
Add component (AddParameter): Name = "Price"; Value = "None"; VariantName = "[No Variations]"
Add component (AddParameter): Name = "Value"; Value = ""; VariantName = "[No Variations]"
Added Component: Designator=D14(DIOM5025X220N)
Add component (AddParameter): Name = "Check_prices"; Value = "https://www.snapeda.com/parts/SS54-HF/Comchip/view-part/?ref=eda"; VariantName = "[No Variations]"
Add component (AddParameter): Name = "MF"; Value = "Comchip Technology"; VariantName = "[No Variations]"
Add component (AddParameter): Name = "MP"; Value = "SS54-HF"; VariantName = "[No Variations]"
Add component (AddParameter): Name = "Package"; Value = "DO-214AC-214 Comchip Technology"; VariantName = "[No Variations]"
Add component (AddParameter): Name = "SnapEDA_Link"; Value = "https://www.snapeda.com/parts/SS54-HF/Comchip/view-part/?ref=snap"; VariantName = "[No Variations]"
Add component (AddParameter): Name = "Value"; Value = ""; VariantName = "[No Variations]"
Added Component: Designator=D15(DIO_BZT52C3V3_RHG)
Add component (AddParameter): Name = "Availability"; Value = "Unavailable"; VariantName = "[No Variations]"
Add component (AddParameter): Name = "MF"; Value = ""; VariantName = "[No Variations]"
Add component (AddParameter): Name = "MP"; Value = "BZT52C3V3_RHG"; VariantName = "[No Variations]"
Add component (AddParameter): Name = "Package"; Value = "None"; VariantName = "[No Variations]"
Add component (AddParameter): Name = "Price"; Value = "None"; VariantName = "[No Variations]"
Add component (AddParameter): Name = "Value"; Value = ""; VariantName = "[No Variations]"
Added Component: Designator=J4(696103101002)
Add component (AddParameter): Name = "Availability"; Value = "Unavailable"; VariantName = "[No Variations]"
Add component (AddParameter): Name = "MF"; Value = "{'manufacturer': u'W\xfcrth Elektronik'}"; VariantName = "[No Variations]"
Add component (AddParameter): Name = "MP"; Value = "696103101002"; VariantName = "[No Variations]"
Add component (AddParameter): Name = "Package"; Value = "None"; VariantName = "[No Variations]"
Add component (AddParameter): Name = "Price"; Value = "None"; VariantName = "[No Variations]"
Add component (AddParameter): Name = "Value"; Value = ""; VariantName = "[No Variations]"
Added Component: Designator=J11(TO-220(2))
Add component (AddParameter): Name = "Check_prices"; Value = "https://www.snapeda.com/parts/IRLZ34N/Infineon/view-part/?ref=eda"; VariantName = "[No Variations]"
Add component (AddParameter): Name = "MF"; Value = "Infineon"; VariantName = "[No Variations]"
Add component (AddParameter): Name = "MP"; Value = "IRLZ34N"; VariantName = "[No Variations]"
Add component (AddParameter): Name = "Package"; Value = "TO-220 Infineon"; VariantName = "[No Variations]"
Add component (AddParameter): Name = "SnapEDA_Link"; Value = "https://www.snapeda.com/parts/IRLZ34N/Infineon/view-part/?ref=snap"; VariantName = "[No Variations]"
Add component (AddParameter): Name = "Value"; Value = ""; VariantName = "[No Variations]"
Added Component: Designator=J12(TO-220(2))
Add component (AddParameter): Name = "Check_prices"; Value = "https://www.snapeda.com/parts/IRLZ34N/Infineon/view-part/?ref=eda"; VariantName = "[No Variations]"
Add component (AddParameter): Name = "MF"; Value = "Infineon"; VariantName = "[No Variations]"
Add component (AddParameter): Name = "MP"; Value = "IRLZ34N"; VariantName = "[No Variations]"
Add component (AddParameter): Name = "Package"; Value = "TO-220 Infineon"; VariantName = "[No Variations]"
Add component (AddParameter): Name = "SnapEDA_Link"; Value = "https://www.snapeda.com/parts/IRLZ34N/Infineon/view-part/?ref=snap"; VariantName = "[No Variations]"
Add component (AddParameter): Name = "Value"; Value = ""; VariantName = "[No Variations]"
Add Component: Footprint Not Found RESC3116X65N
Add Component: Footprint Not Found RESC3116X65N
Added Pin To Net: NetName=Bat_Ground Pin=C30-1
Added Pin To Net: NetName=5V Pin=C30-2
Added Pin To Net: NetName=Bat_Ground Pin=C56-2
Added Pin To Net: NetName=Bat_Ground Pin=C58-1
Added Pin To Net: NetName=3.3V Pin=C58-2
Added Pin To Net: NetName=Bat_Ground Pin=C60-2
Added Pin To Net: NetName=Bat_Ground Pin=C63-2
Added Pin To Net: NetName=Bat_Ground Pin=C64-1
Added Pin To Net: NetName=3.3V Pin=C64-2
Added Pin To Net: NetName=5V Pin=C65-2
Added Pin To Net: NetName=5V Pin=C66-2
Added Pin To Net: NetName=CMP_HALL_5V_OUT Pin=C67-2
Added Pin To Net: NetName=Bat_Ground Pin=C68-1
Added Pin To Net: NetName=5V_Sensor Pin=C68-2
Added Pin To Net: NetName=CMP_IN_2 Pin=C69-1
Added Pin To Net: NetName=CMP_IN_1 Pin=C69-2
Added Pin To Net: NetName=Bat_Ground Pin=C70-1
Added Pin To Net: NetName=3.3V Pin=C70-2
Added Pin To Net: NetName=CKP_IN_2 Pin=C71-1
Added Pin To Net: NetName=CKP_IN_1 Pin=C71-2
Added Pin To Net: NetName=5V_Sensor Pin=C72-2
Added Pin To Net: NetName=CKP_HALL_5V_OUT Pin=C73-2
Added Pin To Net: NetName=Bat_Ground Pin=D6-2
Add Pin To Net: Unknown Pin: Pin D7-C
Added Pin To Net: NetName=VIN Pin=D12-1
Added Pin To Net: NetName=Bat_Ground Pin=D13-A
Added Pin To Net: NetName=VIN Pin=D14-1
Added Pin To Net: NetName=Bat_Ground Pin=D15-A
Added Pin To Net: NetName=Injector_OUT_3 Pin=J10-A2
Added Pin To Net: NetName=Injector_OUT_4 Pin=J10-A3
Added Pin To Net: NetName=Injector_OUT_1 Pin=J10-A4
Added Pin To Net: NetName=VIN Pin=J10-K4
Added Pin To Net: NetName=VIN Pin=J10-L2
Added Pin To Net: NetName=Bat_Ground Pin=J11-OUT
Added Pin To Net: NetName=Bat_Ground Pin=J12-OUT
Added Pin To Net: NetName=Injector_4 Pin=LM1-1
Added Pin To Net: NetName=Injector_2 Pin=LM3-1
Added Pin To Net: NetName=Injector_1 Pin=LM4-1
Added Pin To Net: NetName=Ig_1 Pin=Q10-2
Added Pin To Net: NetName=Ig_2 Pin=Q11-2
Added Pin To Net: NetName=Ig_3 Pin=Q12-2
Added Pin To Net: NetName=Ig_4 Pin=Q13-2
Added Pin To Net: NetName=Bat_Ground Pin=Q13-3
Added Pin To Net: NetName=Bat_Ground Pin=R45-2
Added Pin To Net: NetName=5V_Sensor Pin=R46-1
Added Pin To Net: NetName=5V_Sensor Pin=R47-1
Added Pin To Net: NetName=5V_Sensor Pin=R48-1
Added Pin To Net: NetName=Bat_Ground Pin=R50-2
Added Pin To Net: NetName=5V_Sensor Pin=R51-1
Added Pin To Net: NetName=5V_Sensor Pin=R52-1
Added Pin To Net: NetName=5V_Sensor Pin=R53-1
Added Pin To Net: NetName=3.3V Pin=R56-1
Added Pin To Net: NetName=Bat_Ground Pin=R58-2
Added Pin To Net: NetName=Bat_Ground Pin=R59-2
Added Pin To Net: NetName=5V Pin=R60-1
Added Pin To Net: NetName=5V Pin=R61-1
Add Pin To Net: Unknown Pin: Pin R62-1
Added Pin To Net: NetName=3.3V Pin=R63-1
Added Pin To Net: NetName=Bat_Ground Pin=R64-2
Added Pin To Net: NetName=Bat_Ground Pin=R65-2
Added Pin To Net: NetName=Input_Ig_3 Pin=R66-2
Add Pin To Net: Unknown Pin: Pin R67-1
Add Pin To Net: Unknown Pin: Pin R67-2
Added Pin To Net: NetName=Output_Ig_1 Pin=R68-1
Added Pin To Net: NetName=Output_Ig_2 Pin=R69-1
Added Pin To Net: NetName=Output_Ig_3 Pin=R70-1
Added Pin To Net: NetName=Output_Ig_4 Pin=R71-1
Added Pin To Net: NetName=Bat_Ground Pin=R72-1
Added Pin To Net: NetName=Input_Ig_1 Pin=R72-2
Added Pin To Net: NetName=Bat_Ground Pin=R73-1
Added Pin To Net: NetName=Input_Ig_2 Pin=R73-2
Added Pin To Net: NetName=CMP_HALL_5V_OUT Pin=R76-1
Added Pin To Net: NetName=CMP_HALL_IN Pin=R76-2
Added Pin To Net: NetName=CMP_IN_2 Pin=R77-1
Added Pin To Net: NetName=5V_Sensor Pin=R78-1
Added Pin To Net: NetName=CMP_HALL_IN Pin=R78-2
Added Pin To Net: NetName=CKP_OUT_5V Pin=R79-1
Added Pin To Net: NetName=5V_Sensor Pin=R79-2
Added Pin To Net: NetName=CKP_IN_1 Pin=R80-1
Added Pin To Net: NetName=CKP_IN_2 Pin=R81-1
Added Pin To Net: NetName=CKP_HALL_5V_OUT Pin=R82-1
Added Pin To Net: NetName=5V_Sensor Pin=R83-1
Added Pin To Net: NetName=Bat_Ground Pin=U7-15
Added Pin To Net: NetName=CKP_VR_OUT Pin=U19-1
Added Pin To Net: NetName=CKP_OUT_5V Pin=U19-4
Added Pin To Net: NetName=Bat_Ground Pin=U20-4
Added Pin To Net: NetName=Bat_Ground Pin=U20-5
Added Pin To Net: NetName=Bat_Ground Pin=U20-6
Added Pin To Net: NetName=CKP_OUT_5V Pin=U20-7
Added Pin To Net: NetName=Bat_Ground Pin=U20-9
Added Pin To Net: NetName=5V_Sensor Pin=U20-10
Added Pin To Net: NetName=CKP_HALL_OUT Pin=U21-1
Added Pin To Net: NetName=3.3V Pin=U21-2
Added Pin To Net: NetName=Bat_Ground Pin=U21-3
Added Pin To Net: NetName=CKP_HALL_5V_OUT Pin=U21-4
Added Pin To Net: NetName=5V_Sensor Pin=U21-5
Change Net Name : Old Net Name=Injector_OUT_1 New Net Name=Injector_OUT_2
Change Net Name : Old Net Name=Injector_OUT_3 New Net Name=Injector_OUT_4
Change Net Name : Old Net Name=Injector_OUT_4 New Net Name=Injector_OUT_3
Change Net Name : Old Net Name=NetC4_1 New Net Name=NetC57_1
Change Net Name : Old Net Name=NetC9_2 New Net Name=NetC15_2
Change Net Name : Old Net Name=NetC19_2 New Net Name=NetC16_2
Change Net Name : Old Net Name=NetC52_2 New Net Name=NetC31_2
Change Net Name : Old Net Name=NetC56_2 New Net Name=NetC13_2
Change Net Name : Old Net Name=NetC57_1 New Net Name=NetC17_1
Change Net Name : Old Net Name=NetC57_2 New Net Name=NetC17_2
Change Net Name : Old Net Name=NetC68_1 New Net Name=NetC18_1
Change Net Name : Old Net Name=NetD1_A New Net Name=NetD16_A
Change Net Name : Old Net Name=NetD1_C New Net Name=NetD16_C
Change Net Name : Old Net Name=NetD3_A New Net Name=NetD18_A
Change Net Name : Old Net Name=NetD3_C New Net Name=NetD18_C
Change Net Name : Old Net Name=NetD7_C New Net Name=NetD22_C
Change Net Name : Old Net Name=NetD9_C New Net Name=NetD24_C
Change Net Name : Old Net Name=NetD13_C New Net Name=NetD4_C
Change Net Name : Old Net Name=NetD15_C New Net Name=NetD5_C
Change Net Name : Old Net Name=NetD16_A New Net Name=NetD8_A
Change Net Name : Old Net Name=NetD17_A New Net Name=NetD9_A
Change Net Name : Old Net Name=NetD18_A New Net Name=NetD10_A
Change Net Name : Old Net Name=NetD19_A New Net Name=NetD11_A
Change Net Name : Old Net Name=NetD20_A New Net Name=NetD2_A
Change Net Name : Old Net Name=NetD21_A New Net Name=NetD3_A
Change Net Name : Old Net Name=NetR6_1 New Net Name=NetR1_1
Change Net Name : Old Net Name=NetR7_2 New Net Name=NetR3_2
Change Net Name : Old Net Name=NetR8_2 New Net Name=NetR4_2
Change Net Name : Old Net Name=NetR14_2 New Net Name=NetR5_2
Change Net Name : Old Net Name=NetR17_1 New Net Name=NetR24_1
Change Net Name : Old Net Name=NetR23_2 New Net Name=NetR75_2
Change Net Name : Old Net Name=NetR36_2 New Net Name=NetR2_2
Change Net Name : Old Net Name=NetR62_2 New Net Name=NetR28_1
Change Net Name : Old Net Name=NetR64_2 New Net Name=NetR32_1
Change Net Name : Old Net Name=NetR66_2 New Net Name=NetR36_1
Change Net Name : Old Net Name=UART_1_RX New Net Name=CH340_TX
Change Net Name : Old Net Name=UART_1_TX New Net Name=CH340_RX
Change Net Name : Old Net Name=VIN New Net Name=Ralay_1_2
Added Pin To Net: NetName=Injector_OUT_1 Pin=D25-C
Added Pin To Net: NetName=Injector_OUT_1 Pin=D27-C
Added Pin To Net: NetName=Injector_OUT_1 Pin=J10-A1
Added Net: Name=Injector_OUT_1
Added Pin To Net: NetName=MCU_Ralay_1_OUT Pin=D13-C
Added Pin To Net: NetName=MCU_Ralay_1_OUT Pin=R44-1
Added Net: Name=MCU_Ralay_1_OUT
Added Pin To Net: NetName=MCU_Ralay_2_OUT Pin=D15-C
Added Pin To Net: NetName=MCU_Ralay_2_OUT Pin=R49-1
Added Net: Name=MCU_Ralay_2_OUT
Added Pin To Net: NetName=NetC54_1 Pin=C54-1
Added Pin To Net: NetName=NetC54_1 Pin=LM1-8
Added Pin To Net: NetName=NetC54_1 Pin=R56-2
Added Net: Name=NetC54_1
Added Pin To Net: NetName=NetC55_1 Pin=C55-1
Added Pin To Net: NetName=NetC55_1 Pin=LM1-3
Added Net: Name=NetC55_1
Added Pin To Net: NetName=NetC55_2 Pin=C55-2
Added Pin To Net: NetName=NetC55_2 Pin=LM1-2
Added Pin To Net: NetName=NetC55_2 Pin=Q6-B
Added Net: Name=NetC55_2
Added Pin To Net: NetName=NetC56_1 Pin=C56-1
Added Pin To Net: NetName=NetC56_1 Pin=LM2-8
Added Pin To Net: NetName=NetC56_1 Pin=R57-2
Added Net: Name=NetC56_1
Added Pin To Net: NetName=NetC57_2 Pin=C57-2
Added Pin To Net: NetName=NetC57_2 Pin=LM2-2
Added Pin To Net: NetName=NetC57_2 Pin=Q7-B
Added Net: Name=NetC57_2
Added Pin To Net: NetName=NetC60_1 Pin=C60-1
Added Pin To Net: NetName=NetC60_1 Pin=LM3-8
Added Net: Name=NetC60_1
Added Pin To Net: NetName=NetC61_1 Pin=C61-1
Added Pin To Net: NetName=NetC61_1 Pin=LM3-3
Added Net: Name=NetC61_1
Added Pin To Net: NetName=NetC61_2 Pin=C61-2
Added Pin To Net: NetName=NetC61_2 Pin=LM3-2
Added Pin To Net: NetName=NetC61_2 Pin=Q8-B
Added Net: Name=NetC61_2
Added Pin To Net: NetName=NetC62_1 Pin=C62-1
Added Pin To Net: NetName=NetC62_1 Pin=LM4-3
Added Net: Name=NetC62_1
Added Pin To Net: NetName=NetC62_2 Pin=C62-2
Added Pin To Net: NetName=NetC62_2 Pin=LM4-2
Added Net: Name=NetC62_2
Added Pin To Net: NetName=NetC63_1 Pin=C63-1
Added Pin To Net: NetName=NetC63_1 Pin=LM4-8
Added Pin To Net: NetName=NetC63_1 Pin=R63-2
Added Net: Name=NetC63_1
Added Pin To Net: NetName=NetD6_1 Pin=D6-1
Added Pin To Net: NetName=NetD6_1 Pin=J4-1
Added Net: Name=NetD6_1
Added Pin To Net: NetName=NetD20_A Pin=D20-A
Added Pin To Net: NetName=NetD20_A Pin=LM1-4
Added Pin To Net: NetName=NetD20_A Pin=Q6-E
Added Pin To Net: NetName=NetD20_A Pin=R58-1
Added Net: Name=NetD20_A
Added Pin To Net: NetName=NetD21_A Pin=D21-A
Added Pin To Net: NetName=NetD21_A Pin=LM2-4
Added Pin To Net: NetName=NetD21_A Pin=Q7-E
Added Pin To Net: NetName=NetD21_A Pin=R59-1
Added Net: Name=NetD21_A
Added Pin To Net: NetName=NetD22_A Pin=D22-A
Added Pin To Net: NetName=NetD22_A Pin=R60-2
Added Net: Name=NetD22_A
Added Pin To Net: NetName=NetD24_A Pin=D24-A
Added Pin To Net: NetName=NetD24_A Pin=R61-2
Added Net: Name=NetD24_A
Added Pin To Net: NetName=NetD26_A Pin=D26-A
Added Pin To Net: NetName=NetD26_A Pin=LM3-4
Added Pin To Net: NetName=NetD26_A Pin=Q8-E
Added Pin To Net: NetName=NetD26_A Pin=R64-1
Added Net: Name=NetD26_A
Added Pin To Net: NetName=NetD27_A Pin=D27-A
Added Pin To Net: NetName=NetD27_A Pin=LM4-4
Added Pin To Net: NetName=NetD27_A Pin=R65-1
Added Net: Name=NetD27_A
Added Pin To Net: NetName=NetJ11_IN Pin=J11-IN
Added Pin To Net: NetName=NetJ11_IN Pin=R44-2
Added Pin To Net: NetName=NetJ11_IN Pin=R45-1
Added Net: Name=NetJ11_IN
Added Pin To Net: NetName=NetJ12_IN Pin=J12-IN
Added Pin To Net: NetName=NetJ12_IN Pin=R49-2
Added Pin To Net: NetName=NetJ12_IN Pin=R50-1
Added Net: Name=NetJ12_IN
Added Pin To Net: NetName=NetQ10_1 Pin=Q10-1
Added Pin To Net: NetName=NetQ10_1 Pin=R68-2
Added Net: Name=NetQ10_1
Added Pin To Net: NetName=NetQ11_1 Pin=Q11-1
Added Pin To Net: NetName=NetQ11_1 Pin=R69-2
Added Net: Name=NetQ11_1
Added Pin To Net: NetName=NetQ12_1 Pin=Q12-1
Added Pin To Net: NetName=NetQ12_1 Pin=R70-2
Added Net: Name=NetQ12_1
Added Pin To Net: NetName=NetQ13_1 Pin=Q13-1
Added Pin To Net: NetName=NetQ13_1 Pin=R71-2
Added Net: Name=NetQ13_1
Added Pin To Net: NetName=NetR77_2 Pin=R77-2
Added Pin To Net: NetName=NetR77_2 Pin=U17-2
Added Net: Name=NetR77_2
Added Pin To Net: NetName=NetR80_2 Pin=R80-2
Added Pin To Net: NetName=NetR80_2 Pin=U20-1
Added Net: Name=NetR80_2
Added Pin To Net: NetName=NetR81_2 Pin=R81-2
Added Pin To Net: NetName=NetR81_2 Pin=U20-2
Added Net: Name=NetR81_2
Added Pin To Net: NetName=Ralay_1_1 Pin=D12-2
Added Pin To Net: NetName=Ralay_1_1 Pin=J10-L3
Added Pin To Net: NetName=Ralay_1_1 Pin=J11-GND
Added Net: Name=Ralay_1_1
Added Pin To Net: NetName=Ralay_2_1 Pin=D14-2
Added Pin To Net: NetName=Ralay_2_1 Pin=J10-L1
Added Pin To Net: NetName=Ralay_2_1 Pin=J12-GND
Added Net: Name=Ralay_2_1
Added Pin To Net: NetName=VIN_Bat Pin=J3-1
Added Pin To Net: NetName=VIN_Bat Pin=J4-2
Added Net: Name=VIN_Bat
Added Member To Class: ClassName=ECU_Sheet Member=Component C15 2.2µF
Added Member To Class: ClassName=CCU_Sheet Member=Component C30 10µF
Added Member To Class: ClassName=CCU_Sheet Member=Component C41 22pF
Add Class Member: Failed to add class member : Component D7 SS34
Added Member To Class: ClassName=Analog_Sensors_Sheet Member=Component D12 SS54-HF
Added Member To Class: ClassName=Analog_Sensors_Sheet Member=Component D13 BZT52C3V3_RHG
Added Member To Class: ClassName=Analog_Sensors_Sheet Member=Component D14 SS54-HF
Added Member To Class: ClassName=Analog_Sensors_Sheet Member=Component D15 BZT52C3V3_RHG
Added Member To Class: ClassName=CCU_Sheet Member=Component J8 TSM-103-01-L-SH
Added Member To Class: ClassName=Analog_Sensors_Sheet Member=Component J11 IRLZ34N
Added Member To Class: ClassName=Analog_Sensors_Sheet Member=Component J12 IRLZ34N
Added Member To Class: ClassName=Analog_Sensors_Sheet Member=Component R52 4.7K
Added Member To Class: ClassName=Analog_Sensors_Sheet Member=Component R53 4.7K
Add Class Member: Failed to add class member : Component R62 47K
Add Class Member: Failed to add class member : Component R67 10K
Added Member To Class: ClassName=CCU_Sheet Member=Component U9 MB85RC1MTPNF-G-JNERE1
Added Room: Name=CKP_CMP
Added Room: Name=Ignition_Injector
