Removed Member From Class: ClassName=CKP_CMP Member=C2
Removed Member From Class: ClassName=Ignition_Injector Member=C2
Removed Member From Class: ClassName=Communication_Interfaces Member=C4
Removed Member From Class: ClassName=Communication_Interfaces Member=C13
Removed Member From Class: ClassName=Ignition_Injector Member=C13
Removed Member From Class: ClassName=Communication_Interfaces Member=C14
Removed Member From Class: ClassName=Communication_Interfaces Member=C23
Removed Member From Class: ClassName=Outputs_Sensors_And_ECUConnector Member=C25
Removed Member From Class: ClassName=ECU_Sheet Member=C27
Removed Member From Class: ClassName=ECU_Sheet Member=C28
Removed Member From Class: ClassName=Outputs_Sensors_And_ECUConnector Member=C29
Removed Member From Class: ClassName=ECU_Sheet Member=C33
Removed Member From Class: ClassName=ECU_Sheet Member=C35
Removed Member From Class: ClassName=ECU_Sheet Member=C40
Removed Member From Class: ClassName=Communication_Interfaces Member=C42
Removed Member From Class: ClassName=ECU_Sheet Member=C42
Removed Member From Class: ClassName=Communication_Interfaces Member=C45
Removed Member From Class: ClassName=ECU_Sheet Member=C45
Removed Member From Class: ClassName=Communication_Interfaces Member=C46
Removed Member From Class: ClassName=ECU_Sheet Member=C46
Removed Member From Class: ClassName=ECU_Sheet Member=C47
Removed Member From Class: ClassName=Communication_Interfaces Member=C52
Removed Member From Class: ClassName=ECU_Sheet Member=C52
Removed Member From Class: ClassName=ECU_Sheet Member=C54
Removed Member From Class: ClassName=Communication_Interfaces Member=C63
Removed Member From Class: ClassName=ECU_Sheet Member=C73
Removed Member From Class: ClassName=Ignition_Injector Member=C73
Removed Member From Class: ClassName=Communication_Interfaces Member=D1
Removed Member From Class: ClassName=Ignition_Injector Member=D1
Removed Member From Class: ClassName=Ignition_Injector Member=D2
Removed Member From Class: ClassName=Ignition_Injector Member=D3
Removed Member From Class: ClassName=Outputs_Sensors_And_ECUConnector Member=D5
Removed Member From Class: ClassName=Ignition_Injector Member=D8
Removed Member From Class: ClassName=Ignition_Injector Member=D9
Removed Member From Class: ClassName=Ignition_Injector Member=D11
Removed Member From Class: ClassName=Outputs_Sensors_And_ECUConnector Member=D11
Removed Member From Class: ClassName=ECU_Sheet Member=D16
Removed Member From Class: ClassName=Communication_Interfaces Member=D21
Removed Member From Class: ClassName=Outputs_Sensors_And_ECUConnector Member=D21
Removed Member From Class: ClassName=Communication_Interfaces Member=D25
Removed Member From Class: ClassName=Communication_Interfaces Member=D26
Removed Member From Class: ClassName=Outputs_Sensors_And_ECUConnector Member=D27
Removed Member From Class: ClassName=Ignition_Injector Member=D28
Removed Member From Class: ClassName=Communication_Interfaces Member=D29
Removed Member From Class: ClassName=Ignition_Injector Member=D29
Removed Member From Class: ClassName=Communication_Interfaces Member=J2
Removed Member From Class: ClassName=Communication_Interfaces Member=J13
Removed Member From Class: ClassName=Communication_Interfaces Member=J14
Removed Member From Class: ClassName=Outputs_Sensors_And_ECUConnector Member=J14
Removed Member From Class: ClassName=Ignition_Injector Member=Q1
Removed Member From Class: ClassName=Ignition_Injector Member=Q2
Removed Member From Class: ClassName=Ignition_Injector Member=Q4
Removed Member From Class: ClassName=Ignition_Injector Member=Q5
Removed Member From Class: ClassName=Outputs_Sensors_And_ECUConnector Member=Q7
Removed Member From Class: ClassName=ECU_Sheet Member=Q10
Removed Member From Class: ClassName=Outputs_Sensors_And_ECUConnector Member=Q12
Removed Member From Class: ClassName=Outputs_Sensors_And_ECUConnector Member=Q13
Removed Member From Class: ClassName=Communication_Interfaces Member=R6
Removed Member From Class: ClassName=Outputs_Sensors_And_ECUConnector Member=R6
Removed Member From Class: ClassName=Ignition_Injector Member=R7
Removed Member From Class: ClassName=Outputs_Sensors_And_ECUConnector Member=R7
Removed Member From Class: ClassName=CKP_CMP Member=R9
Removed Member From Class: ClassName=Outputs_Sensors_And_ECUConnector Member=R9
Removed Member From Class: ClassName=Outputs_Sensors_And_ECUConnector Member=R10
Removed Member From Class: ClassName=Outputs_Sensors_And_ECUConnector Member=R11
Removed Member From Class: ClassName=Outputs_Sensors_And_ECUConnector Member=R13
Removed Member From Class: ClassName=Outputs_Sensors_And_ECUConnector Member=R14
Removed Member From Class: ClassName=Outputs_Sensors_And_ECUConnector Member=R17
Removed Member From Class: ClassName=Outputs_Sensors_And_ECUConnector Member=R18
Removed Member From Class: ClassName=CKP_CMP Member=R20
Removed Member From Class: ClassName=Outputs_Sensors_And_ECUConnector Member=R20
Removed Member From Class: ClassName=Outputs_Sensors_And_ECUConnector Member=R23
Removed Member From Class: ClassName=Communication_Interfaces Member=R25
Removed Member From Class: ClassName=ECU_Sheet Member=R26
Removed Member From Class: ClassName=Ignition_Injector Member=R26
Removed Member From Class: ClassName=Ignition_Injector Member=R31
Removed Member From Class: ClassName=Ignition_Injector Member=R34
Removed Member From Class: ClassName=Ignition_Injector Member=R38
Removed Member From Class: ClassName=Communication_Interfaces Member=R46
Removed Member From Class: ClassName=Communication_Interfaces Member=R61
Removed Member From Class: ClassName=Communication_Interfaces Member=R75
Removed Member From Class: ClassName=Outputs_Sensors_And_ECUConnector Member=R76
Removed Member From Class: ClassName=Outputs_Sensors_And_ECUConnector Member=U2
Removed Member From Class: ClassName=CKP_CMP Member=U8
Removed Member From Class: ClassName=ECU_Sheet Member=U8
Removed Member From Class: ClassName=Outputs_Sensors_And_ECUConnector Member=U8
Removed Member From Class: ClassName=Communication_Interfaces Member=U10
Removed Member From Class: ClassName=ECU_Sheet Member=U10
Removed Member From Class: ClassName=CKP_CMP Member=U12
Removed Member From Class: ClassName=CKP_CMP Member=U13
Removed Member From Class: ClassName=ECU_Sheet Member=U14
Removed Member From Class: ClassName=ECU_Sheet Member=U16
Removed Member From Class: ClassName=Outputs_Sensors_And_ECUConnector Member=U16
Removed Member From Class: ClassName=ECU_Sheet Member=U17
Removed Member From Class: ClassName=Outputs_Sensors_And_ECUConnector Member=U17
Removed Member From Class: ClassName=Communication_Interfaces Member=U19
Removed Member From Class: ClassName=Ignition_Injector Member=U19
Change Footprint: Footprint Not Found RES_ERJP08J221V
Change Footprint: Footprint Not Found RES_ERJP08J221V
Change Footprint: Footprint Not Found RESC3116X65N
Change Footprint: Footprint Not Found RESC3116X65N
Change Footprint: Footprint Not Found RES_ERJP08J221V
Change Footprint: Footprint Not Found RES_ERJP08J221V
Change Footprint: Footprint Not Found XTAL_ABS06-32.768KHZ-9-1-T
Add Component: Footprint Not Found SOIC8-N_MC
Added Component: Designator=Q?(SOT93)
Add component (AddParameter): Name = "Check_prices"; Value = "https://www.snapeda.com/parts/TIP142/Onsemi/view-part/?ref=eda"; VariantName = "[No Variations]"
Add component (AddParameter): Name = "MF"; Value = "ON Semiconductor"; VariantName = "[No Variations]"
Add component (AddParameter): Name = "MP"; Value = "TIP142"; VariantName = "[No Variations]"
Add component (AddParameter): Name = "Package"; Value = "SOT-93-3 ON Semiconductor"; VariantName = "[No Variations]"
Add component (AddParameter): Name = "SnapEDA_Link"; Value = "https://www.snapeda.com/parts/TIP142/Onsemi/view-part/?ref=snap"; VariantName = "[No Variations]"
Add component (AddParameter): Name = "Value"; Value = ""; VariantName = "[No Variations]"
Add Component: Footprint Not Found RESC3116X65N
Add Component: Footprint Not Found RESC3116X65N
Add Component: Footprint Not Found RESC3116X65N
Add Component: Footprint Not Found RESC3116X65N
Add Component: Footprint Not Found RESC3116X65N
Add Component: Footprint Not Found RESC3116X65N
Add Component: Footprint Not Found XTAL_7M25090002
Add Pin To Net: Unknown Pin: Pin J1-1
Add Pin To Net: Unknown Pin: Pin J1-2
Add Pin To Net: Unknown Pin: Pin J1-3
Add Pin To Net: Unknown Pin: Pin J1-4
Add Pin To Net: Unknown Pin: Pin J1-5
Add Pin To Net: Unknown Pin: Pin J1-6
Add Pin To Net: Unknown Pin: Pin J1-7
Add Pin To Net: Unknown Pin: Pin J1-8
Added Pin To Net: NetName=NetC62_2 Pin=Q?-B
Added Pin To Net: NetName=Injector_OUT_1 Pin=Q?-C
Added Pin To Net: NetName=NetD27_A Pin=Q?-E
Add Pin To Net: Unknown Pin: Pin R8-1
Add Pin To Net: Unknown Pin: Pin R8-2
Add Pin To Net: Unknown Pin: Pin R62-1
Add Pin To Net: Unknown Pin: Pin R62-2
Add Pin To Net: Unknown Pin: Pin R67-1
Add Pin To Net: Unknown Pin: Pin R67-2
Add Pin To Net: Unknown Pin: Pin R87-1
Add Pin To Net: Unknown Pin: Pin R87-2
Add Pin To Net: Unknown Pin: Pin R88-1
Add Pin To Net: Unknown Pin: Pin R88-2
Add Pin To Net: Unknown Pin: Pin RCAN1-1
Add Pin To Net: Unknown Pin: Pin RCAN1-2
Add Pin To Net: Unknown Pin: Pin Y3-1
Add Pin To Net: Unknown Pin: Pin Y3-2
Add Pin To Net: Unknown Pin: Pin Y3-3
Add Pin To Net: Unknown Pin: Pin Y3-4
Added Member To Class: ClassName=ECU_Sheet Member=Component C1 0.1µF
Added Member To Class: ClassName=ECU_Sheet Member=Component C2 0.1µF
Added Member To Class: ClassName=ECU_Sheet Member=Component C3 0.1µF
Added Member To Class: ClassName=ECU_Sheet Member=Component C4 0.1µF
Added Member To Class: ClassName=ECU_Sheet Member=Component C5 0.1µF
Added Member To Class: ClassName=ECU_Sheet Member=Component C6 0.1µF
Added Member To Class: ClassName=ECU_Sheet Member=Component C7 0.1µF
Added Member To Class: ClassName=ECU_Sheet Member=Component C8 0.1µF
Added Member To Class: ClassName=ECU_Sheet Member=Component C9 0.1µF
Added Member To Class: ClassName=ECU_Sheet Member=Component C10 0.1µF
Added Member To Class: ClassName=ECU_Sheet Member=Component C11 2.2nF
Added Member To Class: ClassName=ECU_Sheet Member=Component C12 0.1µF
Added Member To Class: ClassName=ECU_Sheet Member=Component C14 0.1µF
Added Member To Class: ClassName=ECU_Sheet Member=Component C15 2.2µF
Added Member To Class: ClassName=ECU_Sheet Member=Component C16 2.2µF
Added Member To Class: ClassName=ECU_Sheet Member=Component C17 0.1µF
Added Member To Class: ClassName=ECU_Sheet Member=Component C21 0.1µF
Added Member To Class: ClassName=ECU_Sheet Member=Component C22 0.1µF
Added Member To Class: ClassName=ECU_Sheet Member=Component C23 0.1µF
Added Member To Class: ClassName=ECU_Sheet Member=Component C24 0.1µF
Added Member To Class: ClassName=ECU_Sheet Member=Component C25 1µF
Added Member To Class: ClassName=Communication_Interfaces Member=Component C26 0.1µF
Added Member To Class: ClassName=Communication_Interfaces Member=Component C27 680µF
Added Member To Class: ClassName=Communication_Interfaces Member=Component C28 220µF
Added Member To Class: ClassName=Communication_Interfaces Member=Component C29 0.1µF
Added Member To Class: ClassName=Communication_Interfaces Member=Component C30 10µF
Added Member To Class: ClassName=Communication_Interfaces Member=Component C31 0.1µF
Added Member To Class: ClassName=Communication_Interfaces Member=Component C33 220µF
Added Member To Class: ClassName=Communication_Interfaces Member=Component C34 10µF
Added Member To Class: ClassName=Communication_Interfaces Member=Component C38 0.1µF
Added Member To Class: ClassName=Communication_Interfaces Member=Component C39 0.1µF
Added Member To Class: ClassName=Communication_Interfaces Member=Component C40 0.1µF
Added Member To Class: ClassName=Outputs_Sensors_And_ECUConnector Member=Component C43 0.1µF
Added Member To Class: ClassName=Outputs_Sensors_And_ECUConnector Member=Component C44 0.1µF
Added Member To Class: ClassName=Outputs_Sensors_And_ECUConnector Member=Component C45 0.1µF
Added Member To Class: ClassName=Outputs_Sensors_And_ECUConnector Member=Component C46 0.1µF
Added Member To Class: ClassName=Outputs_Sensors_And_ECUConnector Member=Component C48 0.1µF
Added Member To Class: ClassName=Outputs_Sensors_And_ECUConnector Member=Component C50 0.1µF
Added Member To Class: ClassName=Outputs_Sensors_And_ECUConnector Member=Component C51 0.1µF
Added Member To Class: ClassName=Ignition_Injector Member=Component C55 0.1µF
Added Member To Class: ClassName=Ignition_Injector Member=Component C56 0.1µF
Added Member To Class: ClassName=Ignition_Injector Member=Component C57 0.1µF
Added Member To Class: ClassName=Ignition_Injector Member=Component C58 0.1µF
Added Member To Class: ClassName=Ignition_Injector Member=Component C59 0.1µF
Added Member To Class: ClassName=Ignition_Injector Member=Component C60 0.1µF
Added Member To Class: ClassName=Ignition_Injector Member=Component C61 0.1µF
Added Member To Class: ClassName=Ignition_Injector Member=Component C62 0.1µF
Added Member To Class: ClassName=Ignition_Injector Member=Component C63 0.1µF
Added Member To Class: ClassName=CKP_CMP Member=Component C67 10nF
Added Member To Class: ClassName=CKP_CMP Member=Component C68 0.1µF
Added Member To Class: ClassName=CKP_CMP Member=Component C69 1nF
Added Member To Class: ClassName=CKP_CMP Member=Component C70 0.1µF
Added Member To Class: ClassName=CKP_CMP Member=Component C71 1nF
Added Member To Class: ClassName=CKP_CMP Member=Component C72 0.1µF
Added Member To Class: ClassName=Communication_Interfaces Member=Component C? 22pF
Added Member To Class: ClassName=ECU_Sheet Member=Component C? 22pF
Added Member To Class: ClassName=ECU_Sheet Member=Component C? 20pF
Added Member To Class: ClassName=ECU_Sheet Member=Component C? 20pF
Added Member To Class: ClassName=ECU_Sheet Member=Component D1 SMF5.0A
Added Member To Class: ClassName=Communication_Interfaces Member=Component D3 5V Indicator
Added Member To Class: ClassName=Communication_Interfaces Member=Component D4 SS34
Added Member To Class: ClassName=Communication_Interfaces Member=Component D5 SS34
Added Member To Class: ClassName=Communication_Interfaces Member=Component D6 SM8S36A
Added Member To Class: ClassName=Communication_Interfaces Member=Component D8 TX
Added Member To Class: ClassName=Communication_Interfaces Member=Component D10 TX 2
Added Member To Class: ClassName=Outputs_Sensors_And_ECUConnector Member=Component D12 SS54-HF
Added Member To Class: ClassName=Outputs_Sensors_And_ECUConnector Member=Component D13 BZT52C3V3_RHG
Added Member To Class: ClassName=Outputs_Sensors_And_ECUConnector Member=Component D14 SS54-HF
Added Member To Class: ClassName=Outputs_Sensors_And_ECUConnector Member=Component D15 BZT52C3V3_RHG
Added Member To Class: ClassName=Ignition_Injector Member=Component D16 INJ 4
Added Member To Class: ClassName=Ignition_Injector Member=Component D17 SS34
Added Member To Class: ClassName=Ignition_Injector Member=Component D18 INJ 3
Added Member To Class: ClassName=Ignition_Injector Member=Component D19 SS34
Added Member To Class: ClassName=Ignition_Injector Member=Component D20 SS34
Added Member To Class: ClassName=Ignition_Injector Member=Component D21 SS34
Added Member To Class: ClassName=Ignition_Injector Member=Component D22 INJ 2
Added Member To Class: ClassName=Ignition_Injector Member=Component D23 SS34
Added Member To Class: ClassName=Ignition_Injector Member=Component D24 INJ 1
Added Member To Class: ClassName=ECU_Sheet Member=Component FL 600/100MHz
Add Class Member: Failed to add class member : Component J1 MCP2551T-I/SN
Added Member To Class: ClassName=ECU_Sheet Member=Component J2 10µF
Added Member To Class: ClassName=Communication_Interfaces Member=Component J3 796739-2
Added Member To Class: ClassName=Communication_Interfaces Member=Component J5 TSM-104-01-L-MT
Added Member To Class: ClassName=Communication_Interfaces Member=Component J7 47352-1001
Added Member To Class: ClassName=Communication_Interfaces Member=Component J8 TSM-103-01-L-SH
Added Member To Class: ClassName=Communication_Interfaces Member=Component J9 TSM-105-01-LM-DV-P-TR
Added Member To Class: ClassName=Outputs_Sensors_And_ECUConnector Member=Component J10 5007620483
Added Member To Class: ClassName=ECU_Sheet Member=Component Q1 TSM4NB65CH_C5G
Added Member To Class: ClassName=Outputs_Sensors_And_ECUConnector Member=Component Q3 BSS138
Added Member To Class: ClassName=Outputs_Sensors_And_ECUConnector Member=Component Q4 BSS138
Added Member To Class: ClassName=Outputs_Sensors_And_ECUConnector Member=Component Q5 BSS138
Added Member To Class: ClassName=Ignition_Injector Member=Component Q6 TIP142
Added Member To Class: ClassName=Ignition_Injector Member=Component Q7 TIP142
Added Member To Class: ClassName=Ignition_Injector Member=Component Q8 TIP142
Added Member To Class: ClassName=Ignition_Injector Member=Component Q11 ISL9V5036P3-F085
Added Member To Class: ClassName=Ignition_Injector Member=Component Q? TIP142
Added Member To Class: ClassName=ECU_Sheet Member=Component R1 100K
Added Member To Class: ClassName=ECU_Sheet Member=Component R2 10K
Added Member To Class: ClassName=ECU_Sheet Member=Component R4 6.8K
Added Member To Class: ClassName=ECU_Sheet Member=Component R5 31.6K
Added Member To Class: ClassName=ECU_Sheet Member=Component R6 100K
Added Member To Class: ClassName=ECU_Sheet Member=Component R7 33R
Add Class Member: Failed to add class member : Component R8 61.9R
Added Member To Class: ClassName=ECU_Sheet Member=Component R9 5.6K
Added Member To Class: ClassName=ECU_Sheet Member=Component R10 10K
Added Member To Class: ClassName=ECU_Sheet Member=Component R12 47K
Added Member To Class: ClassName=ECU_Sheet Member=Component R13 10K
Added Member To Class: ClassName=Communication_Interfaces Member=Component R14 1K
Added Member To Class: ClassName=Communication_Interfaces Member=Component R15 1K
Added Member To Class: ClassName=Communication_Interfaces Member=Component R16 4.7KO
Added Member To Class: ClassName=Communication_Interfaces Member=Component R19 4.7KO
Added Member To Class: ClassName=Communication_Interfaces Member=Component R20 1K
Added Member To Class: ClassName=Communication_Interfaces Member=Component R21 1K
Added Member To Class: ClassName=Communication_Interfaces Member=Component R22 1K
Added Member To Class: ClassName=Communication_Interfaces Member=Component R23 1K
Added Member To Class: ClassName=Outputs_Sensors_And_ECUConnector Member=Component R24 0
Added Member To Class: ClassName=Outputs_Sensors_And_ECUConnector Member=Component R26 4.7K
Added Member To Class: ClassName=Outputs_Sensors_And_ECUConnector Member=Component R27 4.7K
Added Member To Class: ClassName=Outputs_Sensors_And_ECUConnector Member=Component R28 0
Added Member To Class: ClassName=Outputs_Sensors_And_ECUConnector Member=Component R29 0
Added Member To Class: ClassName=Outputs_Sensors_And_ECUConnector Member=Component R30 4.7K
Added Member To Class: ClassName=Outputs_Sensors_And_ECUConnector Member=Component R31 4.7K
Added Member To Class: ClassName=Outputs_Sensors_And_ECUConnector Member=Component R32 0
Added Member To Class: ClassName=Outputs_Sensors_And_ECUConnector Member=Component R33 0
Added Member To Class: ClassName=Outputs_Sensors_And_ECUConnector Member=Component R34 4.7K
Added Member To Class: ClassName=Outputs_Sensors_And_ECUConnector Member=Component R35 4.7K
Added Member To Class: ClassName=Outputs_Sensors_And_ECUConnector Member=Component R36 0
Added Member To Class: ClassName=Outputs_Sensors_And_ECUConnector Member=Component R37 0
Added Member To Class: ClassName=Outputs_Sensors_And_ECUConnector Member=Component R38 4.7K
Added Member To Class: ClassName=Outputs_Sensors_And_ECUConnector Member=Component R39 4.7K
Added Member To Class: ClassName=Outputs_Sensors_And_ECUConnector Member=Component R40 4.7K
Added Member To Class: ClassName=Outputs_Sensors_And_ECUConnector Member=Component R41 4.7K
Added Member To Class: ClassName=Outputs_Sensors_And_ECUConnector Member=Component R42 4.7K
Added Member To Class: ClassName=Outputs_Sensors_And_ECUConnector Member=Component R43 4.7K
Added Member To Class: ClassName=Outputs_Sensors_And_ECUConnector Member=Component R44 220
Added Member To Class: ClassName=Outputs_Sensors_And_ECUConnector Member=Component R45 10K
Added Member To Class: ClassName=Outputs_Sensors_And_ECUConnector Member=Component R48 4.7K
Added Member To Class: ClassName=Outputs_Sensors_And_ECUConnector Member=Component R49 220
Added Member To Class: ClassName=Outputs_Sensors_And_ECUConnector Member=Component R50 10K
Added Member To Class: ClassName=Outputs_Sensors_And_ECUConnector Member=Component R51 4.7K
Added Member To Class: ClassName=Outputs_Sensors_And_ECUConnector Member=Component R52 4.7K
Added Member To Class: ClassName=Outputs_Sensors_And_ECUConnector Member=Component R53 4.7K
Added Member To Class: ClassName=Ignition_Injector Member=Component R54 1K
Added Member To Class: ClassName=Ignition_Injector Member=Component R55 1K
Added Member To Class: ClassName=Ignition_Injector Member=Component R56 47K
Added Member To Class: ClassName=Ignition_Injector Member=Component R57 47K
Added Member To Class: ClassName=Ignition_Injector Member=Component R60 1K
Added Member To Class: ClassName=Ignition_Injector Member=Component R61 1K
Add Class Member: Failed to add class member : Component R62 47K
Added Member To Class: ClassName=Ignition_Injector Member=Component R63 47K
Added Member To Class: ClassName=Ignition_Injector Member=Component R64 0.1 2W
Added Member To Class: ClassName=Ignition_Injector Member=Component R65 0.1 2W
Added Member To Class: ClassName=Ignition_Injector Member=Component R66 10K
Add Class Member: Failed to add class member : Component R67 10K
Added Member To Class: ClassName=Ignition_Injector Member=Component R68 220
Added Member To Class: ClassName=Ignition_Injector Member=Component R69 220
Added Member To Class: ClassName=Ignition_Injector Member=Component R70 220
Added Member To Class: ClassName=Ignition_Injector Member=Component R71 220
Added Member To Class: ClassName=Ignition_Injector Member=Component R72 10K
Added Member To Class: ClassName=Ignition_Injector Member=Component R73 10K
Added Member To Class: ClassName=CKP_CMP Member=Component R74 4.7K
Added Member To Class: ClassName=CKP_CMP Member=Component R75 10K
Added Member To Class: ClassName=CKP_CMP Member=Component R76 1K
Added Member To Class: ClassName=CKP_CMP Member=Component R77 10K
Added Member To Class: ClassName=CKP_CMP Member=Component R78 10K
Added Member To Class: ClassName=CKP_CMP Member=Component R79 4.7K
Added Member To Class: ClassName=CKP_CMP Member=Component R80 10K
Added Member To Class: ClassName=CKP_CMP Member=Component R81 10K
Added Member To Class: ClassName=CKP_CMP Member=Component R82 1K
Added Member To Class: ClassName=CKP_CMP Member=Component R83 10K
Add Class Member: Failed to add class member : Component R87 100K
Add Class Member: Failed to add class member : Component R88 10O
Add Class Member: Failed to add class member : Component RCAN1 120
Added Member To Class: ClassName=ECU_Sheet Member=Component U2 CJ125
Added Member To Class: ClassName=ECU_Sheet Member=Component U3 2N7001TDCKR
Added Member To Class: ClassName=ECU_Sheet Member=Component U4 2N7001TDCKR
Added Member To Class: ClassName=ECU_Sheet Member=Component U5 2N7001TDCKR
Added Member To Class: ClassName=ECU_Sheet Member=Component U6 2N7001TDCKR
Added Member To Class: ClassName=Communication_Interfaces Member=Component U7 CH340G
Added Member To Class: ClassName=Communication_Interfaces Member=Component U8 LM2596S-3.3/NOPB
Added Member To Class: ClassName=Communication_Interfaces Member=Component U9 MB85RC1MTPNF-G-JNERE1
Added Member To Class: ClassName=Outputs_Sensors_And_ECUConnector Member=Component U10 SP721ABTG
Added Member To Class: ClassName=Outputs_Sensors_And_ECUConnector Member=Component U11 SP721ABTG
Added Member To Class: ClassName=Outputs_Sensors_And_ECUConnector Member=Component U12 AD7997BRUZ-1REEL
Added Member To Class: ClassName=Outputs_Sensors_And_ECUConnector Member=Component U13 AD7997BRUZ-1REEL
Added Member To Class: ClassName=Ignition_Injector Member=Component U14 TC4424CPA
Added Member To Class: ClassName=Ignition_Injector Member=Component U15 TC4424CPA
Added Member To Class: ClassName=CKP_CMP Member=Component U16 2N7001TDCKR
Added Member To Class: ClassName=CKP_CMP Member=Component U17 MAX9924UAUB+T
Added Member To Class: ClassName=CKP_CMP Member=Component U18 2N7001TDCKR
Added Member To Class: ClassName=CKP_CMP Member=Component U19 2N7001TDCKR
Added Member To Class: ClassName=CKP_CMP Member=Component U20 MAX9924UAUB+T
Added Member To Class: ClassName=Communication_Interfaces Member=Component Y1 12MHz
Add Class Member: Failed to add class member : Component Y3 16MHz
